// Jest Snapshot v1, https://goo.gl/fbAQLP

exports[`StripeElements 正しくレンダリングされること 1`] = `<div />`;
