// Jest Snapshot v1, https://goo.gl/fbAQLP

exports[`InputControl デフォルト値が正しく設定されること 1`] = `
<div>
  <div
    class="false space-y-2 false"
  >
    <div
      class="space-y-2 false"
    >
      <div
        class="flex w-full items-center justify-start gap-x-3"
      >
        <input
          class="  block w-full rounded-md border border-gray-500 px-3 py-2 text-sm file:mr-4 file:border-0 file:bg-gray-300 file:px-4 file:py-3 md:px-5 md:py-3 md:text-base"
          id="inputName"
        />
      </div>
    </div>
  </div>
</div>
`;

exports[`InputControl 正しくレンダリングされること 1`] = `
<div>
  <div
    class="w-full flex-auto space-y-2 false"
  >
    <div
      class="flex items-center justify-start gap-x-2"
    >
      <span
        class="text-xs text-center px-1.5 md:px-3 py-1 rounded-md whitespace-nowrap bg-red text-white"
      >
        必須
      </span>
      <label
        class="block text-sm font-bold"
        for="inputName"
      >
        名前
      </label>
    </div>
    <div
      class="space-y-2 false"
    >
      <div
        class="flex w-full items-center justify-start gap-x-3"
      >
        <input
          class="text-red bg-red-pale outline outline-red outline-2 -outline-offset-2 block w-full rounded-md border border-gray-500 px-3 py-2 text-sm file:mr-4 file:border-0 file:bg-gray-300 file:px-4 file:py-3 md:px-5 md:py-3 md:text-base"
          id="inputName"
        />
        <span>
          After Children
        </span>
      </div>
      <ul>
        <li
          class="text-xs text-gray-700 before:me-1 ps-4 -indent-4 before:content-['※']"
        >
          必須項目です
        </li>
      </ul>
      <p
        class="text-sm text-red"
      />
    </div>
  </div>
</div>
`;
