// Jest Snapshot v1, https://goo.gl/fbAQLP

exports[`RootLayout 正しくレンダリングされること 1`] = `
<DocumentFragment>
  テストコンテンツ
</DocumentFragment>
`;
